// Jest Snapshot v1, https://goo.gl/fbAQLP

exports[`Pruebas en el componente <GifsExpertApp/> debe mostrar el componente 1`] = `
<div>
  <h2>
    GifExpertApp
  </h2>
  <hr />
  <AddCategory
    setCategorias={[Function]}
  />
  <ol />
</div>
`;
